Info: Start Nativelink Simulation process

========= EDA Simulation Settings =====================

Sim Mode              :  Gate
Family                :  cycloneii
Quartus root          :  c:/temp/quartus/bin/
Quartus sim root      :  c:/temp/quartus/eda/sim_lib
Simulation Tool       :  modelsim-altera
Simulation Language   :  vhdl
Version               :  93
Simulation Mode       :  GUI
Sim Output File       :  datapath.vho
Sim SDF file          :  datapath__vhdl.sdo
Sim dir               :  simulation\modelsim

=======================================================

Info: Starting NativeLink simulation with ModelSim-Altera software
Sourced NativeLink script c:/temp/quartus/common/tcl/internal/nativelink/modelsim.tcl
Warning: File datapath_run_msim_gate_vhdl.do already exists - backing up current file as datapath_run_msim_gate_vhdl.do.bak11
Probing transcript
ModelSim-Altera Info: # Reading C:/Temp/Altera/modelsim_ase/tcl/vsim/pref.tcl 
ModelSim-Altera Info: # do datapath_run_msim_gate_vhdl.do 
ModelSim-Altera Info: # if {[file exists gate_work]} {
ModelSim-Altera Info: # 	vdel -lib gate_work -all
ModelSim-Altera Info: # }
ModelSim-Altera Info: # vlib gate_work
ModelSim-Altera Info: # vmap work gate_work
ModelSim-Altera Info: # Copying C:\Temp\Altera\modelsim_ase\win32aloem/../modelsim.ini to modelsim.ini
ModelSim-Altera Info: # Modifying modelsim.ini
ModelSim-Altera Warning: # ** Warning: Copied C:\Temp\Altera\modelsim_ase\win32aloem/../modelsim.ini to modelsim.ini.
ModelSim-Altera Info: #          Updated modelsim.ini.
ModelSim-Altera Info: # 
ModelSim-Altera Info: # vcom -93 -work work {datapath.vho}
ModelSim-Altera Info: # Model Technology ModelSim ALTERA vcom 10.0c Compiler 2011.09 Sep 21 2011
ModelSim-Altera Info: # -- Loading package STANDARD
ModelSim-Altera Info: # -- Loading package TEXTIO
ModelSim-Altera Info: # -- Loading package std_logic_1164
ModelSim-Altera Info: # -- Loading package VITAL_Timing
ModelSim-Altera Info: # -- Loading package VITAL_Primitives
ModelSim-Altera Info: # -- Loading package cycloneii_atom_pack
ModelSim-Altera Info: # -- Loading package cycloneii_components
ModelSim-Altera Info: # -- Compiling entity datapath
ModelSim-Altera Info: # -- Compiling architecture structure of datapath
ModelSim-Altera Info: # 
ModelSim-Altera Info: # do "C:/Users/behle/Documents/Fall/CSE230/Project/PartII/CLASSIFIED-10-30-17/CLASSIFIED-master/PartII/datapathDo.do"
ModelSim-Altera Info: # vsim datapath
ModelSim-Altera Info: # vsim datapath 
ModelSim-Altera Info: # Loading std.standard
ModelSim-Altera Info: # Loading std.textio(body)
ModelSim-Altera Info: # Loading ieee.std_logic_1164(body)
ModelSim-Altera Info: # Loading ieee.vital_timing(body)
ModelSim-Altera Info: # Loading ieee.vital_primitives(body)
ModelSim-Altera Info: # Loading cycloneii.cycloneii_atom_pack(body)
ModelSim-Altera Info: # Loading cycloneii.cycloneii_components
ModelSim-Altera Info: # Loading work.datapath(structure)
ModelSim-Altera Info: # Loading cycloneii.cycloneii_lcell_comb(vital_lcell_comb)
ModelSim-Altera Info: # Loading cycloneii.cycloneii_lcell_ff(vital_lcell_ff)
ModelSim-Altera Info: # Loading cycloneii.cycloneii_and1(altvital)
ModelSim-Altera Info: # Loading ieee.std_logic_arith(body)
ModelSim-Altera Info: # Loading cycloneii.cycloneii_io(structure)
ModelSim-Altera Info: # Loading cycloneii.cycloneii_mux21(altvital)
ModelSim-Altera Info: # Loading cycloneii.cycloneii_dffe(behave)
ModelSim-Altera Info: # Loading cycloneii.cycloneii_asynch_io(behave)
ModelSim-Altera Info: # Loading cycloneii.cycloneii_clkctrl(vital_clkctrl)
ModelSim-Altera Info: # Loading cycloneii.cycloneii_ena_reg(behave)
ModelSim-Altera Warning: # ** Warning: Design size of 1 instances exceeds ModelSim ALTERA recommended capacity.
ModelSim-Altera Info: # This may because you are loading cell libraries which are not recommended with
ModelSim-Altera Info: # the ModelSim Altera version. Expect performance to be adversely affected.
ModelSim-Altera Info: # view wave
ModelSim-Altera Info: # .main_pane.wave.interior.cs.body.pw.wf
ModelSim-Altera Info: # 
ModelSim-Altera Info: # add wave IR
ModelSim-Altera Info: # add wave clock
ModelSim-Altera Info: # add wave reset
ModelSim-Altera Info: # add wave DataD
ModelSim-Altera Info: # 
ModelSim-Altera Info: # force clock 0 0, 1 5 -repeat 20
ModelSim-Altera Info: # force reset 0 0, 1 10 -repeat 40
ModelSim-Altera Info: # force IR 011000000000001100100000 0
ModelSim-Altera Info: # run 1000
ModelSim-Altera Info: #  
Info: NativeLink simulation flow was successful
